// Jest Snapshot v1, https://goo.gl/fbAQLP

exports[`Aside renders correctly 1`] = `
<div
  className="Aside"
>
  <div />
</div>
`;
