// Jest Snapshot v1, https://goo.gl/fbAQLP

exports[`DashboardLayout renders correctly 1`] = `
<div
  className="DashboardLayout"
>
  <div />
</div>
`;
